../Core/Src/main.c:95:6:LED_on_Flash	16	static
../Core/Src/main.c:120:5:main	312	static
../Core/Src/main.c:218:6:SystemClock_Config	88	static
../Core/Src/main.c:264:13:MX_ADC1_Init	24	static
../Core/Src/main.c:308:13:MX_ADC2_Init	24	static
../Core/Src/main.c:352:13:MX_I2C1_Init	8	static
../Core/Src/main.c:383:13:MX_USART2_UART_Init	8	static
../Core/Src/main.c:413:13:MX_GPIO_Init	40	static
../Core/Src/main.c:451:6:temp_value_to_Celsius	32	static
../Core/Src/main.c:465:6:temp_value_to_Fahrenheit	32	static
../Core/Src/main.c:488:6:Error_Handler	4	static,ignoring_inline_asm
